{
  "components": {
    "parameters": {
      "CommentId": {
        "in": "path",
        "name": "commentId",
        "required": true,
        "schema": {
          "type": "integer"
        }
      }
    },
    "schemas": {
      "Comment": {
        "properties": {
          "author": {
            "properties": {
              "email": {
                "type": "string"
              },
              "name": {
                "type": "string"
              }
            },
            "type": "object",
            "x-schema-name": "User"
          },
          "text": {
            "type": "string"
          }
        },
        "type": "object"
      },
      "User": {
        "properties": {
          "email": {
            "type": "string"
          },
          "name": {
            "type": "string"
          }
        },
        "type": "object"
      }
    }
  },
  "info": {
    "title": "Example API",
    "version": "1.0"
  },
  "openapi": "3.1.1",
  "paths": {
    "/comment{commentId}": {
      "get": {
        "operationId": "getComment",
        "parameters": [
          {
            "in": "path",
            "name": "commentId",
            "required": true,
            "schema": {
              "type": "integer"
            },
            "x-schema-name": "CommentId"
          }
        ],
        "responses": {
          "200": {
            "content": {
              "application/json": {
                "schema": {
                  "properties": {
                    "author": {
                      "properties": {
                        "email": {
                          "type": "string"
                        },
                        "name": {
                          "type": "string"
                        }
                      },
                      "type": "object",
                      "x-schema-name": "User"
                    },
                    "text": {
                      "type": "string"
                    }
                  },
                  "type": "object",
                  "x-schema-name": "Comment"
                }
              }
            },
            "description": "Successful response"
          }
        }
      }
    }
  }
}
