{
  "components": {
    "schemas": {
      "HealthStatus": {
        "description": "Schema description",
        "properties": {
          "status": {
            "type": "string"
          }
        },
        "type": "object"
      }
    }
  },
  "info": {
    "title": "Example API",
    "version": "1.0"
  },
  "openapi": "3.0.0",
  "paths": {
    "/health": {
      "get": {
        "operationId": "healthCheck",
        "responses": {
          "200": {
            "content": {
              "application/json": {
                "schema": {
                  "description": "Schema description",
                  "properties": {
                    "status": {
                      "type": "string"
                    }
                  },
                  "type": "object",
                  "x-schema-name": "HealthStatus"
                }
              }
            },
            "description": "Successful response"
          }
        }
      }
    }
  }
}
